--- start page 0, 0 kept ---
page 0: +84, total 84
page 1: +79, total 163
page 2: +86, total 249
page 3: +88, total 337
page 4: +89, total 426
page 5: +91, total 517
page 6: +92, total 608
page 7: +86, total 694
page 8: +83, total 777
page 9: +92, total 869
429 at page 10 — wait 600s (try 1)
429 at page 10 — wait 600s (try 2)
page 10: +91, total 960
page 11: +84, total 1044
page 12: +95, total 1138
ERR page 13: <urlopen error _ssl.c:1112: The handshake operation timed out> — wait 30s
page 13: +87, total 1223
page 14: +92, total 1313
page 15: +87, total 1398
page 16: +60, total 1457
page 17: +43, total 1500
page 18: +59, total 1559
page 19: +28, total 1587
429 at page 20 — wait 600s (try 1)
429 at page 20 — wait 600s (try 2)
page 20: empty — DONE
DONE. 1587 schools -> /Users/arlannurmanov/AdmitMap/data/stats_raw.json
